#
# A fatal error has been detected by the Java Runtime Environment:
#
#  EXCEPTION_ACCESS_VIOLATION (0xc0000005) at pc=0x00007ffa35b67164, pid=100160, tid=85612
#
# JRE version: OpenJDK Runtime Environment (24.0.2+12) (build 24.0.2+12-54)
# Java VM: OpenJDK 64-Bit Server VM (24.0.2+12-54, mixed mode, sharing, tiered, compressed oops, compressed class ptrs, g1 gc, windows-amd64)
# Problematic frame:
# C  [jdwp.dll+0x27164]
#
# No core dump will be written. Minidumps are not enabled by default on client versions of Windows
#
# If you would like to submit a bug report, please visit:
#   https://bugreport.java.com/bugreport/crash.jsp
# The crash happened outside the Java Virtual Machine in native code.
# See problematic frame for where to report the bug.
#

---------------  S U M M A R Y ------------

Command Line: -agentlib:jdwp=transport=dt_socket,address=127.0.0.1:49858,suspend=y,server=n -javaagent:C:\Users\rayha\AppData\Local\JetBrains\IdeaIC2025.2\captureAgent\debugger-agent.jar=file:///C:/Users/rayha/AppData/Local/Temp/capture17606209519723481185.props -agentpath:C:\Users\rayha\AppData\Local\Temp\idea_libasyncProfiler_dll_temp_folder2\libasyncProfiler.dll=version,jfr,event=wall,interval=10ms,cstack=no,file=C:\Users\rayha\IdeaSnapshots\ShadowDungeon_2025_09_11_032324.jfr,dbghelppath=C:\Users\rayha\AppData\Local\Temp\idea_dbghelp_dll_temp_folder\dbghelp.dll,log=C:\Users\rayha\AppData\Local\Temp\ShadowDungeon_2025_09_11_032324.jfr.log.txt,logLevel=DEBUG -Dkotlinx.coroutines.debug.enable.creation.stack.trace=false -Ddebugger.agent.enable.coroutines=true -Dkotlinx.coroutines.debug.enable.flows.stack.trace=true -Dkotlinx.coroutines.debug.enable.mutable.state.flows.stack.trace=true -Dfile.encoding=UTF-8 -Dsun.stdout.encoding=UTF-8 -Dsun.stderr.encoding=UTF-8 ShadowDungeon

Host: Intel(R) Core(TM) i7-10510U CPU @ 1.80GHz, 8 cores, 15G,  Windows 11 , 64 bit Build 26100 (10.0.26100.4768)
Time: Thu Sep 11 03:23:24 2025 AUS Eastern Standard Time elapsed time: 0.392388 seconds (0d 0h 0m 0s)

---------------  T H R E A D  ---------------

Current thread (0x00000231bc0a0d90):  JavaThread "main"             [_thread_in_native, id=85612, stack(0x0000006fb5100000,0x0000006fb5200000) (1024K)]

Stack: [0x0000006fb5100000,0x0000006fb5200000],  sp=0x0000006fb51fe728,  free space=1017k
Native frames: (J=compiled Java code, j=interpreted, Vv=VM code, C=native code)
C  [jdwp.dll+0x27164]  (no source info available)
C  [jdwp.dll+0x167c3]  (no source info available)
C  [jdwp.dll+0x12c7f]  (no source info available)
V  [jvm.dll+0x5db047]  (no source info available)
V  [jvm.dll+0x4011a3]  (no source info available)
V  [jvm.dll+0x3ffb86]  (no source info available)
V  [jvm.dll+0x3ffb28]  (no source info available)
V  [jvm.dll+0x62a86b]  (no source info available)
V  [jvm.dll+0x62a929]  (no source info available)
V  [jvm.dll+0x416389]  (no source info available)
V  [jvm.dll+0x415eb6]  (no source info available)
C  0x00000231ccabf291  (no source info available)

The last pc belongs to getstatic (printed below).
Java frames: (J=compiled Java code, j=interpreted, Vv=VM code)
j  org.lwjgl.glfw.GLFW.glfwInit()Z+0
j  bagel.AbstractGame.<clinit>()V+19
v  ~StubRoutines::call_stub 0x00000231ccaa0fcd

siginfo: EXCEPTION_ACCESS_VIOLATION (0xc0000005), reading address 0xffffffffffffffff


Registers:
RAX=0x00000232229fa020, RBX=0x00000231dc6f88f0, RCX=0x00000231bc0a1158, RDX=0x00000231dc6f88f0
RSP=0x0000006fb51fe728, RBP=0x0000000000000002, RSI=0x00000231bc0a1158, RDI=0x0000006fb51fe7d0
R8 =0x0000000000010002, R9 =0x0000000000000000, R10=0x00007ffa4aaf0000, R11=0x0000006fb51fe6f8
R12=0x0000000000000000, R13=0x00000231dc6f88f0, R14=0x00007ffa35b70500, R15=0x0000000000000007
RIP=0x00007ffa35b67164, EFLAGS=0x0000000000010202

XMM[0]=0x0000000000000000 0x0000000000000000
XMM[1]=0x0000000000000000 0x0000000000000000
XMM[2]=0x0000000000000000 0x0000000000000000
XMM[3]=0x0000000000000000 0x0000000000000000
XMM[4]=0x0000000000000000 0x0000000000000000
XMM[5]=0x0000000000000000 0x0000000000000000
XMM[6]=0x0000000000000000 0x0000000000000000
XMM[7]=0x0000000000000000 0x0000000000000000
XMM[8]=0x0000000000000000 0x0000000000000000
XMM[9]=0x0000000000000000 0x0000000000000000
XMM[10]=0x0000000000000000 0x0000000000000000
XMM[11]=0x0000000000000000 0x0000000000000000
XMM[12]=0x0000000000000000 0x0000000000000000
XMM[13]=0x0000000000000000 0x0000000000000000
XMM[14]=0x0000000000000000 0x0000000000000000
XMM[15]=0x0000000000000000 0x0000000000000000
  MXCSR=0x00001fa0


Register to memory mapping:

RAX=0x00000232229fa020 points into unknown readable memory: 0x0000000000000000 | 00 00 00 00 00 00 00 00
RBX=0x00000231dc6f88f0 points into unknown readable memory: 0x0000000713001ed8 | d8 1e 00 13 07 00 00 00
RCX=0x00000231bc0a1158 points into unknown readable memory: 0x00000232229fa020 | 20 a0 9f 22 32 02 00 00
RDX=0x00000231dc6f88f0 points into unknown readable memory: 0x0000000713001ed8 | d8 1e 00 13 07 00 00 00
RSP=0x0000006fb51fe728 is pointing into the stack for thread: 0x00000231bc0a0d90
RBP=0x0000000000000002 is an unknown value
RSI=0x00000231bc0a1158 points into unknown readable memory: 0x00000232229fa020 | 20 a0 9f 22 32 02 00 00
RDI=0x0000006fb51fe7d0 is pointing into the stack for thread: 0x00000231bc0a0d90
R8 =0x0000000000010002 is an unknown value
R9 =0x0 is null
R10=0x00007ffa4aaf0000 VCRUNTIME140.dll
R11=0x0000006fb51fe6f8 is pointing into the stack for thread: 0x00000231bc0a0d90
R12=0x0 is null
R13=0x00000231dc6f88f0 points into unknown readable memory: 0x0000000713001ed8 | d8 1e 00 13 07 00 00 00
R14=0x00007ffa35b70500 jdwp.dll
R15=0x0000000000000007 is an unknown value

Top of Stack: (sp=0x0000006fb51fe728)
0x0000006fb51fe728:   00007ffa35b567c3 00000231dc6f88f0   .g.5......o.1...
0x0000006fb51fe738:   00000231bc0a1158 0000000000000000   X...1...........
0x0000006fb51fe748:   0000000000000000 00000231ba019730   ........0...1...
0x0000006fb51fe758:   0000000000000020 00000231ba041bc8    ...........1...
0x0000006fb51fe768:   00007ffa35b705e8 00000231bc0a1388   ...5........1...
0x0000006fb51fe778:   00007ffa35b52c7f 00000231dc6f88f0   .,.5......o.1...
0x0000006fb51fe788:   0000000000000002 00000231bc0a1158   ........X...1...
0x0000006fb51fe798:   00000231dc6f88f8 00000231dc710620   ..o.1... .q.1...
0x0000006fb51fe7a8:   00007ff9ae2f03a1 00000231bc1fec58   ../.....X...1...
0x0000006fb51fe7b8:   00000231dc710620 0000006fb51fea60    .q.1...`...o...
0x0000006fb51fe7c8:   00000231bc0a0d90 0000000000000007   ....1...........
0x0000006fb51fe7d8:   00000231dc6f88f0 0000000000000000   ..o.1...........
0x0000006fb51fe7e8:   00000231dc6f88f8 0000000000000000   ..o.1...........
0x0000006fb51fe7f8:   0000000000000000 0000000000000000   ................
0x0000006fb51fe808:   0000000000000000 0000000000000000   ................
0x0000006fb51fe818:   0000000000000000 0000000000000000   ................
0x0000006fb51fe828:   00000231bc0a1388 00000231de014e30   ....1...0N..1...
0x0000006fb51fe838:   00007ff9ae60b047 00000231dc6f88f8   G.`.......o.1...
0x0000006fb51fe848:   00000231bc1f63c0 00000231bc0a0d90   .c..1.......1...
0x0000006fb51fe858:   00000000000003d8 0000000000000000   ................
0x0000006fb51fe868:   00000231bc4f32d0 0000006fb51fea00   .2O.1.......o...
0x0000006fb51fe878:   0000000000000005 00000231bc0a0d90   ............1...
0x0000006fb51fe888:   00007ff9ae2ee472 0000c46df3dc3079   r.......y0..m...
0x0000006fb51fe898:   00000231dd65e240 00000231bc501c40   @.e.1...@.P.1...
0x0000006fb51fe8a8:   00000231bc0a14d0 00000231bc0a14e0   ....1.......1...
0x0000006fb51fe8b8:   00000231bc0a18b8 00000000000003d8   ....1...........
0x0000006fb51fe8c8:   00000231bc0a0d90 00000231bc0a0d90   ....1.......1...
0x0000006fb51fe8d8:   00000231bc501600 00000231bc0a0160   ..P.1...`...1...
0x0000006fb51fe8e8:   00000231bc0a0188 00000231bc0a0248   ....1...H...1...
0x0000006fb51fe8f8:   00000000000000d8 0000006fb51fe910   ............o...
0x0000006fb51fe908:   00007ff9ae72c163 00000231bc0a0d90   c.r.........1...
0x0000006fb51fe918:   00000231bc501600 00000231bc0a0160   ..P.1...`...1...

Instructions: (pc=0x00007ffa35b67164)
  0x00007ffa35b67064:   05 87 00 01 00 48 8b 03 48 8b d7 4d 8b 40 30 48
  0x00007ffa35b67074:   8b cb 48 8b 5c 24 30 48 83 c4 20 5f 48 ff a0 00
  0x00007ffa35b67084:   01 00 00 cc 48 89 5c 24 08 57 48 83 ec 20 48 8b
  0x00007ffa35b67094:   f9 e8 de eb ff ff 4c 8b 05 4f 00 01 00 48 8b d8
  0x00007ffa35b670a4:   41 f6 80 10 02 00 00 02 74 33 41 b8 04 06 00 00
  0x00007ffa35b670b4:   48 8d 15 dd be 00 00 48 8d 0d 12 53 00 00 e8 81
  0x00007ffa35b670c4:   47 ff ff 48 8d 15 ea 91 00 00 48 8d 0d 13 53 00
  0x00007ffa35b670d4:   00 e8 16 48 ff ff 4c 8b 05 0f 00 01 00 48 8b 03
  0x00007ffa35b670e4:   48 8b d7 4d 8b 40 38 48 8b cb 48 8b 5c 24 30 48
  0x00007ffa35b670f4:   83 c4 20 5f 48 ff a0 00 01 00 00 cc 48 89 5c 24
  0x00007ffa35b67104:   08 57 48 83 ec 20 48 8b f9 e8 66 eb ff ff 48 8b
  0x00007ffa35b67114:   15 d7 ff 00 00 48 8b d8 f6 82 10 02 00 00 02 74
  0x00007ffa35b67124:   2c 41 b8 f6 05 00 00 48 8d 15 66 be 00 00 48 8d
  0x00007ffa35b67134:   0d 9b 52 00 00 e8 0a 47 ff ff 48 8d 15 5b 63 00
  0x00007ffa35b67144:   00 48 8d 0d 9c 52 00 00 e8 9f 47 ff ff 48 8b 03
  0x00007ffa35b67154:   48 8b d7 48 8b cb 48 8b 5c 24 30 48 83 c4 20 5f
=>0x00007ffa35b67164:   48 ff a0 50 07 00 00 cc 48 89 5c 24 08 48 89 74
  0x00007ffa35b67174:   24 10 48 89 7c 24 18 41 56 48 83 ec 20 4c 63 f2
  0x00007ffa35b67184:   49 8b d8 48 8b d1 41 8b f9 48 8b cb 4d 8d 46 ff
  0x00007ffa35b67194:   ff 15 be 50 00 00 85 c0 75 3c 41 0f be 44 1e ff
  0x00007ffa35b671a4:   3b c7 75 32 49 03 de eb 10 0f be c8 ff 15 ba 50
  0x00007ffa35b671b4:   00 00 85 c0 74 09 48 ff c3 8a 03 84 c0 75 ea 80
  0x00007ffa35b671c4:   3b 3b 74 12 8b d7 48 8b cb e8 40 4b 00 00 48 85
  0x00007ffa35b671d4:   c0 0f 94 c0 eb 02 32 c0 48 8b 5c 24 30 48 8b 74
  0x00007ffa35b671e4:   24 38 48 8b 7c 24 40 48 83 c4 20 41 5e c3 cc cc
  0x00007ffa35b671f4:   0f b6 d1 83 fa 1e 0f 87 83 00 00 00 74 7b 83 fa
  0x00007ffa35b67204:   07 77 41 74 39 83 ea 01 74 2e 83 ea 01 74 23 83
  0x00007ffa35b67214:   ea 01 74 18 83 ea 01 74 0d 83 fa 02 0f 85 8a 00
  0x00007ffa35b67224:   00 00 8d 42 03 c3 b8 04 00 00 00 c3 b8 03 00 00
  0x00007ffa35b67234:   00 c3 b8 02 00 00 00 c3 b8 01 00 00 00 c3 b8 06
  0x00007ffa35b67244:   00 00 00 c3 b8 08 00 00 00 2b d0 74 26 83 ea 01
  0x00007ffa35b67254:   0f 84 88 00 00 00 83 ea 01 74 12 b8 0a 00 00 00


Stack slot to memory mapping:

stack at sp + 0 slots: 0x00007ffa35b567c3 jdwp.dll
stack at sp + 1 slots: 0x00000231dc6f88f0 points into unknown readable memory: 0x0000000713001ed8 | d8 1e 00 13 07 00 00 00
stack at sp + 2 slots: 0x00000231bc0a1158 points into unknown readable memory: 0x00000232229fa020 | 20 a0 9f 22 32 02 00 00
stack at sp + 3 slots: 0x0 is null
stack at sp + 4 slots: 0x0 is null
stack at sp + 5 slots: 0x00000231ba019730 points into unknown readable memory: 0x00000231ba041b80 | 80 1b 04 ba 31 02 00 00
stack at sp + 6 slots: 0x0000000000000020 is an unknown value
stack at sp + 7 slots: 0x00000231ba041bc8 points into unknown readable memory: 0x8000001200000001 | 01 00 00 00 12 00 00 80

Lock stack of current Java thread (top to bottom):
LockStack[0]: [I 
{0x00000007126746d0} - klass: {type array int} - flags: is_cloneable_fast 

 - length: 0

getstatic  178 getstatic  [0x00000231ccabf1e0, 0x00000231ccabf638]  1112 bytes
[MachCode]
  0x00000231ccabf1e0: 4883 ec08 | c5fa 1104 | 24eb 1f48 | 83ec 10c5 | fb11 0424 | eb14 4883 | ec10 4889 | 0424 48c7 
  0x00000231ccabf200: 4424 0800 | 0000 00eb | 0150 488b | 4dd0 410f | b755 0148 | 8b49 306b | d218 488d | 4c11 080f 
  0x00000231ccabf220: b659 1281 | fbb2 0000 | 000f 8474 | 0100 00bb | b200 0000 | e805 0000 | 00e9 5001 | 0000 488b 
  0x00000231ccabf240: d348 8d44 | 2408 4c89 | 6dc0 498b | cfc5 f877 | 4989 afb8 | 0300 0049 | 8987 a803 | 0000 4883 
  0x00000231ccabf260: ec20 40f6 | c40f 0f84 | 1900 0000 | 4883 ec08 | 48b8 505d | 44ae f97f | 0000 ffd0 | 4883 c408 
  0x00000231ccabf280: e90c 0000 | 0048 b850 | 5d44 aef9 | 7f00 00ff | d048 83c4 | 2049 c787 | a803 0000 | 0000 0000 
  0x00000231ccabf2a0: 49c7 87b8 | 0300 0000 | 0000 0049 | c787 b003 | 0000 0000 | 0000 c5f8 | 7741 8b8f | 3405 0000 
  0x00000231ccabf2c0: f6c1 010f | 8442 0000 | 00f6 c102 | 0f85 3900 | 0000 4883 | ec20 40f6 | c40f 0f84 | 1900 0000 
  0x00000231ccabf2e0: 4883 ec08 | 48b8 f002 | 44ae f97f | 0000 ffd0 | 4883 c408 | e90c 0000 | 0048 b8f0 | 0244 aef9 
  0x00000231ccabf300: 7f00 00ff | d048 83c4 | 20ff e049 | 8b8f f805 | 0000 4885 | c90f 8455 | 0000 008b | 899c 0000 
  0x00000231ccabf320: 0083 f901 | 0f85 4600 | 0000 498b | 8ff8 0500 | 008b 89a0 | 0000 0048 | 83ec 2040 | f6c4 0f0f 
  0x00000231ccabf340: 8419 0000 | 0048 83ec | 0848 b8e0 | 0244 aef9 | 7f00 00ff | d048 83c4 | 08e9 0c00 | 0000 48b8 
  0x00000231ccabf360: e002 44ae | f97f 0000 | ffd0 4883 | c420 ffe0 | 4983 7f08 | 000f 8405 | 0000 00e9 | 401b feff 
  0x00000231ccabf380: 4c8b 6dc0 | 4c8b 75c8 | 4e8d 74f5 | 00c3 488b | 4dd0 410f | b755 0148 | 8b49 306b | d218 488d 
  0x00000231ccabf3a0: 4c11 0848 | b870 d9cd | aef9 7f00 | 008b 0085 | c00f 848a | 0100 0048 | 8b4d d041 | 0fb7 5501 
  0x00000231ccabf3c0: 488b 4930 | 6bd2 1848 | 8d4c 1108 | 4833 c0e8 | 0500 0000 | e953 0100 | 004c 8bc1 | 488b d048 
  0x00000231ccabf3e0: 8d44 2408 | 4c89 6dc0 | 498b cfc5 | f877 4989 | afb8 0300 | 0049 8987 | a803 0000 | 4883 ec20 
  0x00000231ccabf400: 40f6 c40f | 0f84 1900 | 0000 4883 | ec08 48b8 | c052 44ae | f97f 0000 | ffd0 4883 | c408 e90c 
  0x00000231ccabf420: 0000 0048 | b8c0 5244 | aef9 7f00 | 00ff d048 | 83c4 2049 | c787 a803 | 0000 0000 | 0000 49c7 
  0x00000231ccabf440: 87b8 0300 | 0000 0000 | 0049 c787 | b003 0000 | 0000 0000 | c5f8 7741 | 8b8f 3405 | 0000 f6c1 
  0x00000231ccabf460: 010f 8442 | 0000 00f6 | c102 0f85 | 3900 0000 | 4883 ec20 | 40f6 c40f | 0f84 1900 | 0000 4883 
  0x00000231ccabf480: ec08 48b8 | f002 44ae | f97f 0000 | ffd0 4883 | c408 e90c | 0000 0048 | b8f0 0244 | aef9 7f00 
  0x00000231ccabf4a0: 00ff d048 | 83c4 20ff | e049 8b8f | f805 0000 | 4885 c90f | 8455 0000 | 008b 899c | 0000 0083 
  0x00000231ccabf4c0: f901 0f85 | 4600 0000 | 498b 8ff8 | 0500 008b | 89a0 0000 | 0048 83ec | 2040 f6c4 | 0f0f 8419 
  0x00000231ccabf4e0: 0000 0048 | 83ec 0848 | b8e0 0244 | aef9 7f00 | 00ff d048 | 83c4 08e9 | 0c00 0000 | 48b8 e002 
  0x00000231ccabf500: 44ae f97f | 0000 ffd0 | 4883 c420 | ffe0 4983 | 7f08 000f | 8405 0000 | 00e9 a219 | feff 4c8b 
  0x00000231ccabf520: 6dc0 4c8b | 75c8 4e8d | 74f5 00c3 | 488b 4dd0 | 410f b755 | 0148 8b49 | 306b d218 | 488d 4c11 
  0x00000231ccabf540: 088b 5908 | 0fb6 5111 | 0fb6 4110 | 4c8b 094d | 8b49 704d | 8b09 85c0 | 0f85 0b00 | 0000 410f 
  0x00000231ccabf560: be04 1950 | e9b5 0000 | 0083 f801 | 0f85 0b00 | 0000 410f | b604 1950 | e9a1 0000 | 0083 f808 
  0x00000231ccabf580: 0f85 0e00 | 0000 418b | 0419 48c1 | e003 50e9 | 8a00 0000 | 83f8 040f | 850a 0000 | 0041 8b04 
  0x00000231ccabf5a0: 1950 e977 | 0000 0083 | f802 0f85 | 0b00 0000 | 410f b704 | 1950 e963 | 0000 0083 | f803 0f85 
  0x00000231ccabf5c0: 0b00 0000 | 410f bf04 | 1950 e94f | 0000 0083 | f805 0f85 | 1a00 0000 | 498b 0419 | 4883 ec10 
  0x00000231ccabf5e0: 4889 0424 | 48c7 4424 | 0800 0000 | 00e9 2c00 | 0000 83f8 | 060f 8514 | 0000 00c4 | c17a 1004 
  0x00000231ccabf600: 1948 83ec | 08c5 fa11 | 0424 e90f | 0000 00c4 | c17b 1004 | 1948 83ec | 10c5 fb11 | 0424 410f 
  0x00000231ccabf620: b65d 0349 | 83c5 0349 | ba70 91d0 | aef9 7f00 | 0041 ff24 | da66 6690 
[/MachCode]

---------------  P R O C E S S  ---------------

Threads class SMR info:
_java_thread_list=0x000002322216ab30, length=16, elements={
0x00000231bc0a0d90, 0x00000231dc7069b0, 0x00000231dc7070f0, 0x00000231dc70a4a0,
0x00000231dc70b9f0, 0x00000231dc70c730, 0x00000231dc70d790, 0x00000231dc711b40,
0x00000231dc7255e0, 0x00000231dc8f8e70, 0x000002322204c800, 0x0000023222041b10,
0x00000231dc950500, 0x00000232220656f0, 0x00000232220a2850, 0x000002322212e770
}

Java Threads: ( => current thread )
=>0x00000231bc0a0d90 JavaThread "main"                              [_thread_in_native, id=85612, stack(0x0000006fb5100000,0x0000006fb5200000) (1024K)]
  0x00000231dc7069b0 JavaThread "Reference Handler"          daemon [_thread_blocked, id=74744, stack(0x0000006fb5a00000,0x0000006fb5b00000) (1024K)]
  0x00000231dc7070f0 JavaThread "Finalizer"                  daemon [_thread_blocked, id=61980, stack(0x0000006fb5b00000,0x0000006fb5c00000) (1024K)]
  0x00000231dc70a4a0 JavaThread "Signal Dispatcher"          daemon [_thread_blocked, id=142104, stack(0x0000006fb5c00000,0x0000006fb5d00000) (1024K)]
  0x00000231dc70b9f0 JavaThread "Attach Listener"            daemon [_thread_blocked, id=142940, stack(0x0000006fb5d00000,0x0000006fb5e00000) (1024K)]
  0x00000231dc70c730 JavaThread "Service Thread"             daemon [_thread_blocked, id=63164, stack(0x0000006fb5e00000,0x0000006fb5f00000) (1024K)]
  0x00000231dc70d790 JavaThread "Monitor Deflation Thread"   daemon [_thread_blocked, id=141924, stack(0x0000006fb5f00000,0x0000006fb6000000) (1024K)]
  0x00000231dc711b40 JavaThread "C2 CompilerThread0"         daemon [_thread_blocked, id=94988, stack(0x0000006fb6000000,0x0000006fb6100000) (1024K)]
  0x00000231dc7255e0 JavaThread "C1 CompilerThread0"         daemon [_thread_blocked, id=98540, stack(0x0000006fb6100000,0x0000006fb6200000) (1024K)]
  0x00000231dc8f8e70 JavaThread "C2 CompilerThread1"         daemon [_thread_blocked, id=12376, stack(0x0000006fb6200000,0x0000006fb6300000) (1024K)]
  0x000002322204c800 JavaThread "JDWP Transport Listener: dt_socket" daemon [_thread_blocked, id=18812, stack(0x0000006fb6300000,0x0000006fb6400000) (1024K)]
  0x0000023222041b10 JavaThread "JDWP Event Helper Thread"   daemon [_thread_blocked, id=12172, stack(0x0000006fb6400000,0x0000006fb6500000) (1024K)]
  0x00000231dc950500 JavaThread "JDWP Command Reader"        daemon [_thread_in_native, id=17768, stack(0x0000006fb6500000,0x0000006fb6600000) (1024K)]
  0x00000232220656f0 JavaThread "Common-Cleaner"             daemon [_thread_blocked, id=26684, stack(0x0000006fb6600000,0x0000006fb6700000) (1024K)]
  0x00000232220a2850 JavaThread "IntelliJ Suspend Helper"    daemon [_thread_blocked, id=105776, stack(0x0000006fb6700000,0x0000006fb6800000) (1024K)]
  0x000002322212e770 JavaThread "Notification Thread"        daemon [_thread_blocked, id=3720, stack(0x0000006fb6800000,0x0000006fb6900000) (1024K)]
Total: 16

Other Threads:
  0x00000231dc5b7280 VMThread "VM Thread"                           [id=113460, stack(0x0000006fb5900000,0x0000006fb5a00000) (1024K)]
  0x00000231dc6e29f0 WatcherThread "VM Periodic Task Thread"        [id=79012, stack(0x0000006fb5800000,0x0000006fb5900000) (1024K)]
  0x00000231bc117580 WorkerThread "GC Thread#0"                     [id=80824, stack(0x0000006fb5300000,0x0000006fb5400000) (1024K)]
  0x00000231bc12f0f0 ConcurrentGCThread "G1 Main Marker"            [id=31872, stack(0x0000006fb5400000,0x0000006fb5500000) (1024K)]
  0x00000231bc131240 WorkerThread "G1 Conc#0"                       [id=123268, stack(0x0000006fb5500000,0x0000006fb5600000) (1024K)]
  0x00000231bc1f8140 ConcurrentGCThread "G1 Refine#0"               [id=85772, stack(0x0000006fb5600000,0x0000006fb5700000) (1024K)]
  0x00000231bc1f8970 ConcurrentGCThread "G1 Service"                [id=42712, stack(0x0000006fb5700000,0x0000006fb5800000) (1024K)]
Total: 7

Threads with active compile tasks:
Total: 0

VM state: not at safepoint (normal execution)

VM Mutex/Monitor currently owned by a thread: None

Heap address: 0x0000000703400000, size: 4044 MB, Compressed Oops mode: Zero based, Oop shift amount: 3

CDS archive(s) mapped at: [0x00000231dd000000-0x00000231ddd40000-0x00000231ddd40000), size 13893632, SharedBaseAddress: 0x00000231dd000000, ArchiveRelocationMode: 1.
Compressed class space mapped at: 0x00000231de000000-0x000002321e000000, reserved size: 1073741824
UseCompressedClassPointers 1, UseCompactObjectHeaders 0
Narrow klass pointer bits 32, Max shift 3
Narrow klass base: 0x00000231dd000000, Narrow klass shift: 0
Encoding Range: [0x00000231dd000000 - 0x00000232dd000000), (4294967296 bytes)
Klass Range:    [0x00000231dd000000 - 0x000002321e000000), (1090519040 bytes)
Klass ID Range:  [8 - 1090519033) (1090519025)

GC Precious Log:
 CardTable entry size: 512
 Card Set container configuration: InlinePtr #cards 4 size 8 Array Of Cards #cards 16 size 48 Howl #buckets 8 coarsen threshold 3686 Howl Bitmap #cards 512 size 80 coarsen threshold 460 Card regions per heap region 1 cards per card region 4096
 CPUs: 8 total, 8 available
 Memory: 16168M
 Large Page Support: Disabled
 NUMA Support: Disabled
 Compressed Oops: Enabled (Zero based)
 Heap Region Size: 2M
 Heap Min Capacity: 8M
 Heap Initial Capacity: 254M
 Heap Max Capacity: 4044M
 Pre-touch: Disabled
 Parallel Workers: 8
 Concurrent Workers: 2
 Concurrent Refinement Workers: 8
 Periodic GC: Disabled

Heap:
 garbage-first heap   total reserved 4141056K, committed 262144K, used 11376K [0x0000000703400000, 0x0000000800000000)
  region size 2048K, 6 young (12288K), 0 survivors (0K)
 Metaspace       used 4303K, committed 4544K, reserved 1114112K
  class space    used 319K, committed 448K, reserved 1048576K

Heap Regions: E=young(eden), S=young(survivor), O=old, HS=humongous(starts), HC=humongous(continues), CS=collection set, F=free, TAMS=top-at-mark-start, PB=parsable bottom
|   0|0x0000000703400000, 0x0000000703400000, 0x0000000703600000|  0%| F|  |TAMS 0x0000000703400000| PB 0x0000000703400000| Untracked |  0
|   1|0x0000000703600000, 0x0000000703600000, 0x0000000703800000|  0%| F|  |TAMS 0x0000000703600000| PB 0x0000000703600000| Untracked |  0
|   2|0x0000000703800000, 0x0000000703800000, 0x0000000703a00000|  0%| F|  |TAMS 0x0000000703800000| PB 0x0000000703800000| Untracked |  0
|   3|0x0000000703a00000, 0x0000000703a00000, 0x0000000703c00000|  0%| F|  |TAMS 0x0000000703a00000| PB 0x0000000703a00000| Untracked |  0
|   4|0x0000000703c00000, 0x0000000703c00000, 0x0000000703e00000|  0%| F|  |TAMS 0x0000000703c00000| PB 0x0000000703c00000| Untracked |  0
|   5|0x0000000703e00000, 0x0000000703e00000, 0x0000000704000000|  0%| F|  |TAMS 0x0000000703e00000| PB 0x0000000703e00000| Untracked |  0
|   6|0x0000000704000000, 0x0000000704000000, 0x0000000704200000|  0%| F|  |TAMS 0x0000000704000000| PB 0x0000000704000000| Untracked |  0
|   7|0x0000000704200000, 0x0000000704200000, 0x0000000704400000|  0%| F|  |TAMS 0x0000000704200000| PB 0x0000000704200000| Untracked |  0
|   8|0x0000000704400000, 0x0000000704400000, 0x0000000704600000|  0%| F|  |TAMS 0x0000000704400000| PB 0x0000000704400000| Untracked |  0
|   9|0x0000000704600000, 0x0000000704600000, 0x0000000704800000|  0%| F|  |TAMS 0x0000000704600000| PB 0x0000000704600000| Untracked |  0
|  10|0x0000000704800000, 0x0000000704800000, 0x0000000704a00000|  0%| F|  |TAMS 0x0000000704800000| PB 0x0000000704800000| Untracked |  0
|  11|0x0000000704a00000, 0x0000000704a00000, 0x0000000704c00000|  0%| F|  |TAMS 0x0000000704a00000| PB 0x0000000704a00000| Untracked |  0
|  12|0x0000000704c00000, 0x0000000704c00000, 0x0000000704e00000|  0%| F|  |TAMS 0x0000000704c00000| PB 0x0000000704c00000| Untracked |  0
|  13|0x0000000704e00000, 0x0000000704e00000, 0x0000000705000000|  0%| F|  |TAMS 0x0000000704e00000| PB 0x0000000704e00000| Untracked |  0
|  14|0x0000000705000000, 0x0000000705000000, 0x0000000705200000|  0%| F|  |TAMS 0x0000000705000000| PB 0x0000000705000000| Untracked |  0
|  15|0x0000000705200000, 0x0000000705200000, 0x0000000705400000|  0%| F|  |TAMS 0x0000000705200000| PB 0x0000000705200000| Untracked |  0
|  16|0x0000000705400000, 0x0000000705400000, 0x0000000705600000|  0%| F|  |TAMS 0x0000000705400000| PB 0x0000000705400000| Untracked |  0
|  17|0x0000000705600000, 0x0000000705600000, 0x0000000705800000|  0%| F|  |TAMS 0x0000000705600000| PB 0x0000000705600000| Untracked |  0
|  18|0x0000000705800000, 0x0000000705800000, 0x0000000705a00000|  0%| F|  |TAMS 0x0000000705800000| PB 0x0000000705800000| Untracked |  0
|  19|0x0000000705a00000, 0x0000000705a00000, 0x0000000705c00000|  0%| F|  |TAMS 0x0000000705a00000| PB 0x0000000705a00000| Untracked |  0
|  20|0x0000000705c00000, 0x0000000705c00000, 0x0000000705e00000|  0%| F|  |TAMS 0x0000000705c00000| PB 0x0000000705c00000| Untracked |  0
|  21|0x0000000705e00000, 0x0000000705e00000, 0x0000000706000000|  0%| F|  |TAMS 0x0000000705e00000| PB 0x0000000705e00000| Untracked |  0
|  22|0x0000000706000000, 0x0000000706000000, 0x0000000706200000|  0%| F|  |TAMS 0x0000000706000000| PB 0x0000000706000000| Untracked |  0
|  23|0x0000000706200000, 0x0000000706200000, 0x0000000706400000|  0%| F|  |TAMS 0x0000000706200000| PB 0x0000000706200000| Untracked |  0
|  24|0x0000000706400000, 0x0000000706400000, 0x0000000706600000|  0%| F|  |TAMS 0x0000000706400000| PB 0x0000000706400000| Untracked |  0
|  25|0x0000000706600000, 0x0000000706600000, 0x0000000706800000|  0%| F|  |TAMS 0x0000000706600000| PB 0x0000000706600000| Untracked |  0
|  26|0x0000000706800000, 0x0000000706800000, 0x0000000706a00000|  0%| F|  |TAMS 0x0000000706800000| PB 0x0000000706800000| Untracked |  0
|  27|0x0000000706a00000, 0x0000000706a00000, 0x0000000706c00000|  0%| F|  |TAMS 0x0000000706a00000| PB 0x0000000706a00000| Untracked |  0
|  28|0x0000000706c00000, 0x0000000706c00000, 0x0000000706e00000|  0%| F|  |TAMS 0x0000000706c00000| PB 0x0000000706c00000| Untracked |  0
|  29|0x0000000706e00000, 0x0000000706e00000, 0x0000000707000000|  0%| F|  |TAMS 0x0000000706e00000| PB 0x0000000706e00000| Untracked |  0
|  30|0x0000000707000000, 0x0000000707000000, 0x0000000707200000|  0%| F|  |TAMS 0x0000000707000000| PB 0x0000000707000000| Untracked |  0
|  31|0x0000000707200000, 0x0000000707200000, 0x0000000707400000|  0%| F|  |TAMS 0x0000000707200000| PB 0x0000000707200000| Untracked |  0
|  32|0x0000000707400000, 0x0000000707400000, 0x0000000707600000|  0%| F|  |TAMS 0x0000000707400000| PB 0x0000000707400000| Untracked |  0
|  33|0x0000000707600000, 0x0000000707600000, 0x0000000707800000|  0%| F|  |TAMS 0x0000000707600000| PB 0x0000000707600000| Untracked |  0
|  34|0x0000000707800000, 0x0000000707800000, 0x0000000707a00000|  0%| F|  |TAMS 0x0000000707800000| PB 0x0000000707800000| Untracked |  0
|  35|0x0000000707a00000, 0x0000000707a00000, 0x0000000707c00000|  0%| F|  |TAMS 0x0000000707a00000| PB 0x0000000707a00000| Untracked |  0
|  36|0x0000000707c00000, 0x0000000707c00000, 0x0000000707e00000|  0%| F|  |TAMS 0x0000000707c00000| PB 0x0000000707c00000| Untracked |  0
|  37|0x0000000707e00000, 0x0000000707e00000, 0x0000000708000000|  0%| F|  |TAMS 0x0000000707e00000| PB 0x0000000707e00000| Untracked |  0
|  38|0x0000000708000000, 0x0000000708000000, 0x0000000708200000|  0%| F|  |TAMS 0x0000000708000000| PB 0x0000000708000000| Untracked |  0
|  39|0x0000000708200000, 0x0000000708200000, 0x0000000708400000|  0%| F|  |TAMS 0x0000000708200000| PB 0x0000000708200000| Untracked |  0
|  40|0x0000000708400000, 0x0000000708400000, 0x0000000708600000|  0%| F|  |TAMS 0x0000000708400000| PB 0x0000000708400000| Untracked |  0
|  41|0x0000000708600000, 0x0000000708600000, 0x0000000708800000|  0%| F|  |TAMS 0x0000000708600000| PB 0x0000000708600000| Untracked |  0
|  42|0x0000000708800000, 0x0000000708800000, 0x0000000708a00000|  0%| F|  |TAMS 0x0000000708800000| PB 0x0000000708800000| Untracked |  0
|  43|0x0000000708a00000, 0x0000000708a00000, 0x0000000708c00000|  0%| F|  |TAMS 0x0000000708a00000| PB 0x0000000708a00000| Untracked |  0
|  44|0x0000000708c00000, 0x0000000708c00000, 0x0000000708e00000|  0%| F|  |TAMS 0x0000000708c00000| PB 0x0000000708c00000| Untracked |  0
|  45|0x0000000708e00000, 0x0000000708e00000, 0x0000000709000000|  0%| F|  |TAMS 0x0000000708e00000| PB 0x0000000708e00000| Untracked |  0
|  46|0x0000000709000000, 0x0000000709000000, 0x0000000709200000|  0%| F|  |TAMS 0x0000000709000000| PB 0x0000000709000000| Untracked |  0
|  47|0x0000000709200000, 0x0000000709200000, 0x0000000709400000|  0%| F|  |TAMS 0x0000000709200000| PB 0x0000000709200000| Untracked |  0
|  48|0x0000000709400000, 0x0000000709400000, 0x0000000709600000|  0%| F|  |TAMS 0x0000000709400000| PB 0x0000000709400000| Untracked |  0
|  49|0x0000000709600000, 0x0000000709600000, 0x0000000709800000|  0%| F|  |TAMS 0x0000000709600000| PB 0x0000000709600000| Untracked |  0
|  50|0x0000000709800000, 0x0000000709800000, 0x0000000709a00000|  0%| F|  |TAMS 0x0000000709800000| PB 0x0000000709800000| Untracked |  0
|  51|0x0000000709a00000, 0x0000000709a00000, 0x0000000709c00000|  0%| F|  |TAMS 0x0000000709a00000| PB 0x0000000709a00000| Untracked |  0
|  52|0x0000000709c00000, 0x0000000709c00000, 0x0000000709e00000|  0%| F|  |TAMS 0x0000000709c00000| PB 0x0000000709c00000| Untracked |  0
|  53|0x0000000709e00000, 0x0000000709e00000, 0x000000070a000000|  0%| F|  |TAMS 0x0000000709e00000| PB 0x0000000709e00000| Untracked |  0
|  54|0x000000070a000000, 0x000000070a000000, 0x000000070a200000|  0%| F|  |TAMS 0x000000070a000000| PB 0x000000070a000000| Untracked |  0
|  55|0x000000070a200000, 0x000000070a200000, 0x000000070a400000|  0%| F|  |TAMS 0x000000070a200000| PB 0x000000070a200000| Untracked |  0
|  56|0x000000070a400000, 0x000000070a400000, 0x000000070a600000|  0%| F|  |TAMS 0x000000070a400000| PB 0x000000070a400000| Untracked |  0
|  57|0x000000070a600000, 0x000000070a600000, 0x000000070a800000|  0%| F|  |TAMS 0x000000070a600000| PB 0x000000070a600000| Untracked |  0
|  58|0x000000070a800000, 0x000000070a800000, 0x000000070aa00000|  0%| F|  |TAMS 0x000000070a800000| PB 0x000000070a800000| Untracked |  0
|  59|0x000000070aa00000, 0x000000070aa00000, 0x000000070ac00000|  0%| F|  |TAMS 0x000000070aa00000| PB 0x000000070aa00000| Untracked |  0
|  60|0x000000070ac00000, 0x000000070ac00000, 0x000000070ae00000|  0%| F|  |TAMS 0x000000070ac00000| PB 0x000000070ac00000| Untracked |  0
|  61|0x000000070ae00000, 0x000000070ae00000, 0x000000070b000000|  0%| F|  |TAMS 0x000000070ae00000| PB 0x000000070ae00000| Untracked |  0
|  62|0x000000070b000000, 0x000000070b000000, 0x000000070b200000|  0%| F|  |TAMS 0x000000070b000000| PB 0x000000070b000000| Untracked |  0
|  63|0x000000070b200000, 0x000000070b200000, 0x000000070b400000|  0%| F|  |TAMS 0x000000070b200000| PB 0x000000070b200000| Untracked |  0
|  64|0x000000070b400000, 0x000000070b400000, 0x000000070b600000|  0%| F|  |TAMS 0x000000070b400000| PB 0x000000070b400000| Untracked |  0
|  65|0x000000070b600000, 0x000000070b600000, 0x000000070b800000|  0%| F|  |TAMS 0x000000070b600000| PB 0x000000070b600000| Untracked |  0
|  66|0x000000070b800000, 0x000000070b800000, 0x000000070ba00000|  0%| F|  |TAMS 0x000000070b800000| PB 0x000000070b800000| Untracked |  0
|  67|0x000000070ba00000, 0x000000070ba00000, 0x000000070bc00000|  0%| F|  |TAMS 0x000000070ba00000| PB 0x000000070ba00000| Untracked |  0
|  68|0x000000070bc00000, 0x000000070bc00000, 0x000000070be00000|  0%| F|  |TAMS 0x000000070bc00000| PB 0x000000070bc00000| Untracked |  0
|  69|0x000000070be00000, 0x000000070be00000, 0x000000070c000000|  0%| F|  |TAMS 0x000000070be00000| PB 0x000000070be00000| Untracked |  0
|  70|0x000000070c000000, 0x000000070c000000, 0x000000070c200000|  0%| F|  |TAMS 0x000000070c000000| PB 0x000000070c000000| Untracked |  0
|  71|0x000000070c200000, 0x000000070c200000, 0x000000070c400000|  0%| F|  |TAMS 0x000000070c200000| PB 0x000000070c200000| Untracked |  0
|  72|0x000000070c400000, 0x000000070c400000, 0x000000070c600000|  0%| F|  |TAMS 0x000000070c400000| PB 0x000000070c400000| Untracked |  0
|  73|0x000000070c600000, 0x000000070c600000, 0x000000070c800000|  0%| F|  |TAMS 0x000000070c600000| PB 0x000000070c600000| Untracked |  0
|  74|0x000000070c800000, 0x000000070c800000, 0x000000070ca00000|  0%| F|  |TAMS 0x000000070c800000| PB 0x000000070c800000| Untracked |  0
|  75|0x000000070ca00000, 0x000000070ca00000, 0x000000070cc00000|  0%| F|  |TAMS 0x000000070ca00000| PB 0x000000070ca00000| Untracked |  0
|  76|0x000000070cc00000, 0x000000070cc00000, 0x000000070ce00000|  0%| F|  |TAMS 0x000000070cc00000| PB 0x000000070cc00000| Untracked |  0
|  77|0x000000070ce00000, 0x000000070ce00000, 0x000000070d000000|  0%| F|  |TAMS 0x000000070ce00000| PB 0x000000070ce00000| Untracked |  0
|  78|0x000000070d000000, 0x000000070d000000, 0x000000070d200000|  0%| F|  |TAMS 0x000000070d000000| PB 0x000000070d000000| Untracked |  0
|  79|0x000000070d200000, 0x000000070d200000, 0x000000070d400000|  0%| F|  |TAMS 0x000000070d200000| PB 0x000000070d200000| Untracked |  0
|  80|0x000000070d400000, 0x000000070d400000, 0x000000070d600000|  0%| F|  |TAMS 0x000000070d400000| PB 0x000000070d400000| Untracked |  0
|  81|0x000000070d600000, 0x000000070d600000, 0x000000070d800000|  0%| F|  |TAMS 0x000000070d600000| PB 0x000000070d600000| Untracked |  0
|  82|0x000000070d800000, 0x000000070d800000, 0x000000070da00000|  0%| F|  |TAMS 0x000000070d800000| PB 0x000000070d800000| Untracked |  0
|  83|0x000000070da00000, 0x000000070da00000, 0x000000070dc00000|  0%| F|  |TAMS 0x000000070da00000| PB 0x000000070da00000| Untracked |  0
|  84|0x000000070dc00000, 0x000000070dc00000, 0x000000070de00000|  0%| F|  |TAMS 0x000000070dc00000| PB 0x000000070dc00000| Untracked |  0
|  85|0x000000070de00000, 0x000000070de00000, 0x000000070e000000|  0%| F|  |TAMS 0x000000070de00000| PB 0x000000070de00000| Untracked |  0
|  86|0x000000070e000000, 0x000000070e000000, 0x000000070e200000|  0%| F|  |TAMS 0x000000070e000000| PB 0x000000070e000000| Untracked |  0
|  87|0x000000070e200000, 0x000000070e200000, 0x000000070e400000|  0%| F|  |TAMS 0x000000070e200000| PB 0x000000070e200000| Untracked |  0
|  88|0x000000070e400000, 0x000000070e400000, 0x000000070e600000|  0%| F|  |TAMS 0x000000070e400000| PB 0x000000070e400000| Untracked |  0
|  89|0x000000070e600000, 0x000000070e600000, 0x000000070e800000|  0%| F|  |TAMS 0x000000070e600000| PB 0x000000070e600000| Untracked |  0
|  90|0x000000070e800000, 0x000000070e800000, 0x000000070ea00000|  0%| F|  |TAMS 0x000000070e800000| PB 0x000000070e800000| Untracked |  0
|  91|0x000000070ea00000, 0x000000070ea00000, 0x000000070ec00000|  0%| F|  |TAMS 0x000000070ea00000| PB 0x000000070ea00000| Untracked |  0
|  92|0x000000070ec00000, 0x000000070ec00000, 0x000000070ee00000|  0%| F|  |TAMS 0x000000070ec00000| PB 0x000000070ec00000| Untracked |  0
|  93|0x000000070ee00000, 0x000000070ee00000, 0x000000070f000000|  0%| F|  |TAMS 0x000000070ee00000| PB 0x000000070ee00000| Untracked |  0
|  94|0x000000070f000000, 0x000000070f000000, 0x000000070f200000|  0%| F|  |TAMS 0x000000070f000000| PB 0x000000070f000000| Untracked |  0
|  95|0x000000070f200000, 0x000000070f200000, 0x000000070f400000|  0%| F|  |TAMS 0x000000070f200000| PB 0x000000070f200000| Untracked |  0
|  96|0x000000070f400000, 0x000000070f400000, 0x000000070f600000|  0%| F|  |TAMS 0x000000070f400000| PB 0x000000070f400000| Untracked |  0
|  97|0x000000070f600000, 0x000000070f600000, 0x000000070f800000|  0%| F|  |TAMS 0x000000070f600000| PB 0x000000070f600000| Untracked |  0
|  98|0x000000070f800000, 0x000000070f800000, 0x000000070fa00000|  0%| F|  |TAMS 0x000000070f800000| PB 0x000000070f800000| Untracked |  0
|  99|0x000000070fa00000, 0x000000070fa00000, 0x000000070fc00000|  0%| F|  |TAMS 0x000000070fa00000| PB 0x000000070fa00000| Untracked |  0
| 100|0x000000070fc00000, 0x000000070fc00000, 0x000000070fe00000|  0%| F|  |TAMS 0x000000070fc00000| PB 0x000000070fc00000| Untracked |  0
| 101|0x000000070fe00000, 0x000000070fe00000, 0x0000000710000000|  0%| F|  |TAMS 0x000000070fe00000| PB 0x000000070fe00000| Untracked |  0
| 102|0x0000000710000000, 0x0000000710000000, 0x0000000710200000|  0%| F|  |TAMS 0x0000000710000000| PB 0x0000000710000000| Untracked |  0
| 103|0x0000000710200000, 0x0000000710200000, 0x0000000710400000|  0%| F|  |TAMS 0x0000000710200000| PB 0x0000000710200000| Untracked |  0
| 104|0x0000000710400000, 0x0000000710400000, 0x0000000710600000|  0%| F|  |TAMS 0x0000000710400000| PB 0x0000000710400000| Untracked |  0
| 105|0x0000000710600000, 0x0000000710600000, 0x0000000710800000|  0%| F|  |TAMS 0x0000000710600000| PB 0x0000000710600000| Untracked |  0
| 106|0x0000000710800000, 0x0000000710800000, 0x0000000710a00000|  0%| F|  |TAMS 0x0000000710800000| PB 0x0000000710800000| Untracked |  0
| 107|0x0000000710a00000, 0x0000000710a00000, 0x0000000710c00000|  0%| F|  |TAMS 0x0000000710a00000| PB 0x0000000710a00000| Untracked |  0
| 108|0x0000000710c00000, 0x0000000710c00000, 0x0000000710e00000|  0%| F|  |TAMS 0x0000000710c00000| PB 0x0000000710c00000| Untracked |  0
| 109|0x0000000710e00000, 0x0000000710e00000, 0x0000000711000000|  0%| F|  |TAMS 0x0000000710e00000| PB 0x0000000710e00000| Untracked |  0
| 110|0x0000000711000000, 0x0000000711000000, 0x0000000711200000|  0%| F|  |TAMS 0x0000000711000000| PB 0x0000000711000000| Untracked |  0
| 111|0x0000000711200000, 0x0000000711200000, 0x0000000711400000|  0%| F|  |TAMS 0x0000000711200000| PB 0x0000000711200000| Untracked |  0
| 112|0x0000000711400000, 0x0000000711400000, 0x0000000711600000|  0%| F|  |TAMS 0x0000000711400000| PB 0x0000000711400000| Untracked |  0
| 113|0x0000000711600000, 0x0000000711600000, 0x0000000711800000|  0%| F|  |TAMS 0x0000000711600000| PB 0x0000000711600000| Untracked |  0
| 114|0x0000000711800000, 0x0000000711800000, 0x0000000711a00000|  0%| F|  |TAMS 0x0000000711800000| PB 0x0000000711800000| Untracked |  0
| 115|0x0000000711a00000, 0x0000000711a00000, 0x0000000711c00000|  0%| F|  |TAMS 0x0000000711a00000| PB 0x0000000711a00000| Untracked |  0
| 116|0x0000000711c00000, 0x0000000711c00000, 0x0000000711e00000|  0%| F|  |TAMS 0x0000000711c00000| PB 0x0000000711c00000| Untracked |  0
| 117|0x0000000711e00000, 0x0000000711e00000, 0x0000000712000000|  0%| F|  |TAMS 0x0000000711e00000| PB 0x0000000711e00000| Untracked |  0
| 118|0x0000000712000000, 0x0000000712000000, 0x0000000712200000|  0%| F|  |TAMS 0x0000000712000000| PB 0x0000000712000000| Untracked |  0
| 119|0x0000000712200000, 0x0000000712200000, 0x0000000712400000|  0%| F|  |TAMS 0x0000000712200000| PB 0x0000000712200000| Untracked |  0
| 120|0x0000000712400000, 0x0000000712400000, 0x0000000712600000|  0%| F|  |TAMS 0x0000000712400000| PB 0x0000000712400000| Untracked |  0
| 121|0x0000000712600000, 0x00000007126f5c48, 0x0000000712800000| 48%| E|  |TAMS 0x0000000712600000| PB 0x0000000712600000| Complete |  0
| 122|0x0000000712800000, 0x0000000712a00000, 0x0000000712a00000|100%| E|CS|TAMS 0x0000000712800000| PB 0x0000000712800000| Complete |  0
| 123|0x0000000712a00000, 0x0000000712c00000, 0x0000000712c00000|100%| E|CS|TAMS 0x0000000712a00000| PB 0x0000000712a00000| Complete |  0
| 124|0x0000000712c00000, 0x0000000712e00000, 0x0000000712e00000|100%| E|CS|TAMS 0x0000000712c00000| PB 0x0000000712c00000| Complete |  0
| 125|0x0000000712e00000, 0x0000000713000000, 0x0000000713000000|100%| E|CS|TAMS 0x0000000712e00000| PB 0x0000000712e00000| Complete |  0
| 126|0x0000000713000000, 0x0000000713200000, 0x0000000713200000|100%| E|CS|TAMS 0x0000000713000000| PB 0x0000000713000000| Complete |  0
|2021|0x00000007ffe00000, 0x00000007fff1c330, 0x0000000800000000| 55%| O|  |TAMS 0x00000007ffe00000| PB 0x00000007ffe00000| Untracked |  0

Card table byte_map: [0x00000231d5600000,0x00000231d5df0000] _byte_map_base: 0x00000231d1de6000

Marking Bits: (CMBitMap*) 0x00000231bc117ba0
 Bits: [0x00000231d5df0000, 0x00000231d9d20000)

Polling page: 0x00000231ba190000

Metaspace:

Usage:
  Non-class:      3.89 MB used.
      Class:    319.09 KB used.
       Both:      4.20 MB used.

Virtual space:
  Non-class space:       64.00 MB reserved,       4.00 MB (  6%) committed,  1 nodes.
      Class space:        1.00 GB reserved,     448.00 KB ( <1%) committed,  1 nodes.
             Both:        1.06 GB reserved,       4.44 MB ( <1%) committed. 

Chunk freelists:
   Non-Class:  11.45 MB
       Class:  15.54 MB
        Both:  27.00 MB

MaxMetaspaceSize: unlimited
CompressedClassSpaceSize: 1.00 GB
Initial GC threshold: 21.00 MB
Current GC threshold: 21.00 MB
CDS: on
 - commit_granule_bytes: 65536.
 - commit_granule_words: 8192.
 - virtual_space_node_default_size: 8388608.
 - enlarge_chunks_in_place: 1.
UseCompressedClassPointers 1, UseCompactObjectHeaders 0
Narrow klass pointer bits 32, Max shift 3
Narrow klass base: 0x00000231dd000000, Narrow klass shift: 0
Encoding Range: [0x00000231dd000000 - 0x00000232dd000000), (4294967296 bytes)
Klass Range:    [0x00000231dd000000 - 0x000002321e000000), (1090519040 bytes)
Klass ID Range:  [8 - 1090519033) (1090519025)


Internal statistics:

num_allocs_failed_limit: 0.
num_arena_births: 82.
num_arena_deaths: 0.
num_vsnodes_births: 2.
num_vsnodes_deaths: 0.
num_space_committed: 71.
num_space_uncommitted: 0.
num_chunks_returned_to_freelist: 0.
num_chunks_taken_from_freelist: 121.
num_chunk_merges: 0.
num_chunk_splits: 78.
num_chunks_enlarged: 46.
num_inconsistent_stats: 0.

CodeHeap 'non-profiled nmethods': size=120064Kb used=181Kb max_used=181Kb free=119882Kb
 bounds [0x00000231cd030000, 0x00000231cd2a0000, 0x00000231d4570000]
CodeHeap 'profiled nmethods': size=120000Kb used=723Kb max_used=723Kb free=119276Kb
 bounds [0x00000231c5570000, 0x00000231c57e0000, 0x00000231ccaa0000]
CodeHeap 'non-nmethods': size=5696Kb used=1351Kb max_used=1365Kb free=4344Kb
 bounds [0x00000231ccaa0000, 0x00000231ccd10000, 0x00000231cd030000]
CodeCache: size=245760Kb, used=2255Kb, max_used=2269Kb, free=243502Kb
 total_blobs=1068, nmethods=611, adapters=363, full_count=0
Compilation: enabled, stopped_count=0, restarted_count=0

Compilation events (20 events):
Event: 0.381 Thread 0x00000231dc7255e0  602       3       java.util.zip.ZipFile$Source::getEntryHash (7 bytes)
Event: 0.381 Thread 0x00000231dc7255e0 nmethod 602 0x00000231c5621608 code [0x00000231c5621720, 0x00000231c5621858]
Event: 0.382 Thread 0x00000231dc7255e0  603       3       java.lang.CharacterDataLatin1::equalsIgnoreCase (63 bytes)
Event: 0.382 Thread 0x00000231dc7255e0 nmethod 603 0x00000231c5621908 code [0x00000231c5621a40, 0x00000231c5621ce8]
Event: 0.383 Thread 0x00000231dc8f8e70  606       4       jdk.internal.util.ArraysSupport::hashCodeOfUnsigned (55 bytes)
Event: 0.384 Thread 0x00000231dc7255e0  604       3       jdk.internal.util.StrongReferenceKey::equals (28 bytes)
Event: 0.385 Thread 0x00000231dc8f8e70 nmethod 606 0x00000231cd05c988 code [0x00000231cd05caa0, 0x00000231cd05cd78]
Event: 0.385 Thread 0x00000231dc7255e0 nmethod 604 0x00000231c5621d08 code [0x00000231c5621e60, 0x00000231c56224c8]
Event: 0.385 Thread 0x00000231dc7255e0  605       3       java.lang.invoke.MemberName::getMethodOrFieldType (72 bytes)
Event: 0.386 Thread 0x00000231dc7255e0 nmethod 605 0x00000231c5622508 code [0x00000231c56227e0, 0x00000231c5623c98]
Event: 0.386 Thread 0x00000231dc7255e0  607       3       java.lang.StringBuilder::<init> (7 bytes)
Event: 0.386 Thread 0x00000231dc7255e0 nmethod 607 0x00000231c5623d88 code [0x00000231c5623ea0, 0x00000231c5623fe8]
Event: 0.388 Thread 0x00000231dc7255e0  609       3       jdk.internal.jimage.ImageStringsReader::hashCode (33 bytes)
Event: 0.388 Thread 0x00000231dc7255e0 nmethod 609 0x00000231c5624088 code [0x00000231c56241a0, 0x00000231c5624318]
Event: 0.388 Thread 0x00000231dc7255e0  611       3       java.util.Optional::empty (6 bytes)
Event: 0.388 Thread 0x00000231dc7255e0 nmethod 611 0x00000231c5624388 code [0x00000231c56244a0, 0x00000231c5624590]
Event: 0.388 Thread 0x00000231dc7255e0  610       3       java.lang.ref.SoftReference::get (29 bytes)
Event: 0.388 Thread 0x00000231dc7255e0 nmethod 610 0x00000231c5624688 code [0x00000231c56247a0, 0x00000231c5624958]
Event: 0.388 Thread 0x00000231dc7255e0  612       3       java.util.ArrayList::elementData (7 bytes)
Event: 0.388 Thread 0x00000231dc7255e0 nmethod 612 0x00000231c5624988 code [0x00000231c5624aa0, 0x00000231c5624be0]

GC Heap History (0 events):
No events

Dll operation events (9 events):
Event: 0.046 Loaded shared library C:\Users\rayha\.jdks\openjdk-24.0.2\bin\java.dll
Event: 0.048 Loaded shared library C:\Users\rayha\.jdks\openjdk-24.0.2\bin\zip.dll
Event: 0.078 Loaded shared library C:\Users\rayha\.jdks\openjdk-24.0.2\bin\jsvml.dll
Event: 0.156 Loaded shared library C:\Users\rayha\.jdks\openjdk-24.0.2\bin\instrument.dll
Event: 0.228 Loaded shared library C:\Users\rayha\.jdks\openjdk-24.0.2\bin\net.dll
Event: 0.230 Loaded shared library C:\Users\rayha\.jdks\openjdk-24.0.2\bin\nio.dll
Event: 0.242 Loaded shared library C:\Users\rayha\.jdks\openjdk-24.0.2\bin\zip.dll
Event: 0.308 Loaded shared library C:\Users\rayha\.jdks\openjdk-24.0.2\bin\jimage.dll
Event: 0.339 Loaded shared library C:\Users\rayha\AppData\Local\Temp\lwjglrayha\3.3.1-build-7\lwjgl.dll

Deoptimization events (8 events):
Event: 0.190 Thread 0x00000231bc0a0d90 Uncommon trap: trap_request=0xffffff4d fr.pc=0x00000231cd0391e8 relative=0x00000000000000c8
Event: 0.190 Thread 0x00000231bc0a0d90 Uncommon trap: reason=unstable_if action=reinterpret pc=0x00000231cd0391e8 method=java.lang.String.hashCode()I @ 42 c2
Event: 0.190 Thread 0x00000231bc0a0d90 DEOPT PACKING pc=0x00000231cd0391e8 sp=0x0000006fb51fcf30
Event: 0.190 Thread 0x00000231bc0a0d90 DEOPT UNPACKING pc=0x00000231ccbc6a82 sp=0x0000006fb51fcec8 mode 2
Event: 0.213 Thread 0x00000231bc0a0d90 Uncommon trap: trap_request=0xffffff4d fr.pc=0x00000231cd0454ec relative=0x000000000000052c
Event: 0.213 Thread 0x00000231bc0a0d90 Uncommon trap: reason=unstable_if action=reinterpret pc=0x00000231cd0454ec method=java.lang.StringLatin1.replace([BCC)Ljava/lang/String; @ 19 c2
Event: 0.213 Thread 0x00000231bc0a0d90 DEOPT PACKING pc=0x00000231cd0454ec sp=0x0000006fb51ff690
Event: 0.213 Thread 0x00000231bc0a0d90 DEOPT UNPACKING pc=0x00000231ccbc6a82 sp=0x0000006fb51ff610 mode 2

Classes loaded (20 events):
Event: 0.381 Loading class java/nio/InvalidMarkException
Event: 0.381 Loading class java/nio/InvalidMarkException done
Event: 0.381 Loading class java/nio/BufferUnderflowException
Event: 0.381 Loading class java/nio/BufferUnderflowException done
Event: 0.381 Loading class org/lwjgl/system/MemoryStack
Event: 0.381 Loading class org/lwjgl/system/MemoryStack done
Event: 0.382 Loading class org/lwjgl/system/MemoryStack$DebugMemoryStack
Event: 0.382 Loading class org/lwjgl/system/MemoryStack$DebugMemoryStack done
Event: 0.383 Loading class org/lwjgl/system/MemoryStack
Event: 0.383 Loading class org/lwjgl/system/MemoryStack done
Event: 0.383 Loading class org/lwjgl/system/MemoryStack
Event: 0.383 Loading class org/lwjgl/system/MemoryStack done
Event: 0.384 Loading class org/lwjgl/BufferUtils
Event: 0.384 Loading class org/lwjgl/BufferUtils done
Event: 0.385 Loading class org/lwjgl/system/windows/WinBase
Event: 0.385 Loading class org/lwjgl/system/windows/WinBase done
Event: 0.385 Loading class org/lwjgl/system/ThreadLocalUtil
Event: 0.385 Loading class org/lwjgl/system/ThreadLocalUtil done
Event: 0.388 Loading class org/lwjgl/glfw/GLFW$Functions
Event: 0.388 Loading class org/lwjgl/glfw/GLFW$Functions done

Classes unloaded (0 events):
No events

Classes redefined (1 events):
Event: 0.202 Thread 0x00000231dc5b7280 redefined class name=java.lang.Throwable, count=1

Internal exceptions (20 events):
Event: 0.158 Thread 0x00000231bc0a0d90 Exception <a 'java/lang/NoSuchMethodError'{0x0000000712f342c0}: 'void java.lang.invoke.DirectMethodHandle$Holder.invokeStatic(java.lang.Object, java.lang.Object, java.lang.Object)'> (0x0000000712f342c0) 
thrown [s\open\src\hotspot\share\interpreter\linkResolver.cpp, line 805]
Event: 0.166 Thread 0x00000231bc0a0d90 Exception <a 'java/lang/NoSuchMethodError'{0x0000000712f68e80}: 'java.lang.Object java.lang.invoke.Invokers$Holder.invokeExact_MT(java.lang.Object, java.lang.Object, java.lang.Object, java.lang.Object, java.lang.Object)'> (0x0000000712f68e80) 
thrown [s\open\src\hotspot\share\interpreter\linkResolver.cpp, line 805]
Event: 0.283 Thread 0x00000231bc0a0d90 Exception <a 'java/lang/NoSuchMethodError'{0x0000000712b36108}: 'void java.lang.invoke.DirectMethodHandle$Holder.invokeStatic(java.lang.Object, java.lang.Object)'> (0x0000000712b36108) 
thrown [s\open\src\hotspot\share\interpreter\linkResolver.cpp, line 805]
Event: 0.286 Thread 0x00000231bc0a0d90 Exception <a 'java/lang/NoSuchMethodError'{0x0000000712b66370}: 'void java.lang.System.load(java.lang.String, java.lang.Class)'> (0x0000000712b66370) 
thrown [s\open\src\hotspot\share\interpreter\linkResolver.cpp, line 805]
Event: 0.286 Thread 0x00000231bc0a0d90 Exception <a 'java/lang/NoSuchMethodError'{0x0000000712b66eb0}: 'void java.lang.invoke.DirectMethodHandle$Holder.invokeSpecial(java.lang.Object, java.lang.Object, java.lang.Object)'> (0x0000000712b66eb0) 
thrown [s\open\src\hotspot\share\interpreter\linkResolver.cpp, line 805]
Event: 0.290 Thread 0x00000231bc0a0d90 Exception <a 'java/lang/NoSuchMethodError'{0x0000000712b89078}: 'java.lang.Object java.lang.invoke.DirectMethodHandle$Holder.invokeStatic(java.lang.Object, java.lang.Object, int)'> (0x0000000712b89078) 
thrown [s\open\src\hotspot\share\interpreter\linkResolver.cpp, line 805]
Event: 0.292 Thread 0x00000231bc0a0d90 Exception <a 'java/lang/NoSuchMethodError'{0x0000000712ba2320}: 'void java.lang.invoke.DelegatingMethodHandle$Holder.delegate(java.lang.Object, java.lang.Object, int, java.lang.Object)'> (0x0000000712ba2320) 
thrown [s\open\src\hotspot\share\interpreter\linkResolver.cpp, line 805]
Event: 0.292 Thread 0x00000231bc0a0d90 Exception <a 'java/lang/NoSuchMethodError'{0x0000000712baab90}: 'int java.lang.invoke.DirectMethodHandle$Holder.invokeSpecial(java.lang.Object, java.lang.Object, java.lang.Object)'> (0x0000000712baab90) 
thrown [s\open\src\hotspot\share\interpreter\linkResolver.cpp, line 805]
Event: 0.299 Thread 0x00000231bc0a0d90 Exception <a 'java/lang/NoSuchMethodError'{0x0000000712bf4690}: 'void java.lang.System.loadLibrary(java.lang.String, java.lang.Class)'> (0x0000000712bf4690) 
thrown [s\open\src\hotspot\share\interpreter\linkResolver.cpp, line 805]
Event: 0.326 Thread 0x00000231bc0a0d90 Exception <a 'java/lang/NoSuchMethodError'{0x00000007128ab768}: 'java.lang.Object java.lang.invoke.DirectMethodHandle$Holder.invokeStaticInit(java.lang.Object)'> (0x00000007128ab768) 
thrown [s\open\src\hotspot\share\interpreter\linkResolver.cpp, line 805]
Event: 0.334 Thread 0x00000231bc0a0d90 Exception <a 'sun/nio/fs/WindowsException'{0x00000007128d0aa8}> (0x00000007128d0aa8) 
thrown [s\open\src\hotspot\share\prims\jni.cpp, line 518]
Event: 0.334 Thread 0x00000231bc0a0d90 Exception <a 'sun/nio/fs/WindowsException'{0x00000007128d2128}> (0x00000007128d2128) 
thrown [s\open\src\hotspot\share\prims\jni.cpp, line 518]
Event: 0.347 Thread 0x00000231bc0a0d90 Exception <a 'sun/nio/fs/WindowsException'{0x00000007128fa240}> (0x00000007128fa240) 
thrown [s\open\src\hotspot\share\prims\jni.cpp, line 518]
Event: 0.347 Thread 0x00000231bc0a0d90 Exception <a 'sun/nio/fs/WindowsException'{0x00000007128fa5c0}> (0x00000007128fa5c0) 
thrown [s\open\src\hotspot\share\prims\jni.cpp, line 518]
Event: 0.359 Thread 0x00000231bc0a0d90 Exception <a 'java/lang/NoSuchMethodError'{0x0000000712974668}: 'int java.lang.invoke.DirectMethodHandle$Holder.invokeStaticInit(java.lang.Object, java.lang.Object, int, long)'> (0x0000000712974668) 
thrown [s\open\src\hotspot\share\interpreter\linkResolver.cpp, line 805]
Event: 0.361 Thread 0x00000231bc0a0d90 Exception <a 'java/lang/NoSuchMethodError'{0x0000000712983750}: 'java.lang.Object java.lang.invoke.DirectMethodHandle$Holder.newInvokeSpecial(java.lang.Object, java.lang.Object, int)'> (0x0000000712983750) 
thrown [s\open\src\hotspot\share\interpreter\linkResolver.cpp, line 805]
Event: 0.377 Thread 0x00000231bc0a0d90 Exception <a 'java/lang/NoSuchMethodError'{0x00000007126026f8}: 'int java.lang.invoke.DirectMethodHandle$Holder.invokeStaticInit(java.lang.Object, java.lang.Object, long, long)'> (0x00000007126026f8) 
thrown [s\open\src\hotspot\share\interpreter\linkResolver.cpp, line 805]
Event: 0.378 Thread 0x00000231bc0a0d90 Exception <a 'java/lang/NoSuchMethodError'{0x0000000712611aa8}: 'java.lang.Object java.lang.invoke.DirectMethodHandle$Holder.newInvokeSpecial(java.lang.Object, java.lang.Object, long)'> (0x0000000712611aa8) 
thrown [s\open\src\hotspot\share\interpreter\linkResolver.cpp, line 805]
Event: 0.378 Thread 0x00000231bc0a0d90 Exception <a 'java/lang/NoSuchMethodError'{0x000000071261a538}: 'java.lang.Object java.lang.invoke.Invokers$Holder.linkToTargetMethod(java.lang.Object, long, java.lang.Object)'> (0x000000071261a538) 
thrown [s\open\src\hotspot\share\interpreter\linkResolver.cpp, line 805]
Event: 0.379 Thread 0x00000231bc0a0d90 Exception <a 'java/lang/NoSuchMethodError'{0x000000071262ab40}: 'int java.lang.invoke.DirectMethodHandle$Holder.invokeStaticInit(java.lang.Object, java.lang.Object, java.lang.Object, long)'> (0x000000071262ab40) 
thrown [s\open\src\hotspot\share\interpreter\linkResolver.cpp, line 805]

VM Operations (8 events):
Event: 0.153 Executing VM operation: ChangeBreakpoints
Event: 0.153 Executing VM operation: ChangeBreakpoints done
Event: 0.154 Executing VM operation: ChangeBreakpoints
Event: 0.154 Executing VM operation: ChangeBreakpoints done
Event: 0.202 Executing VM operation: RedefineClasses
Event: 0.203 Executing VM operation: RedefineClasses done
Event: 0.204 Executing VM operation: get/set locals
Event: 0.204 Executing VM operation: get/set locals done

Memory protections (0 events):
No events

Nmethod flushes (0 events):
No events

Events (16 events):
Event: 0.061 Thread 0x00000231bc0a0d90 Thread added: 0x00000231bc0a0d90
Event: 0.074 Thread 0x00000231bc0a0d90 Thread added: 0x00000231dc7069b0
Event: 0.074 Thread 0x00000231bc0a0d90 Thread added: 0x00000231dc7070f0
Event: 0.074 Thread 0x00000231bc0a0d90 Thread added: 0x00000231dc70a4a0
Event: 0.075 Thread 0x00000231bc0a0d90 Thread added: 0x00000231dc70b9f0
Event: 0.075 Thread 0x00000231bc0a0d90 Thread added: 0x00000231dc70c730
Event: 0.075 Thread 0x00000231bc0a0d90 Thread added: 0x00000231dc70d790
Event: 0.075 Thread 0x00000231bc0a0d90 Thread added: 0x00000231dc711b40
Event: 0.075 Thread 0x00000231bc0a0d90 Thread added: 0x00000231dc7255e0
Event: 0.128 Thread 0x00000231dc7255e0 Thread added: 0x00000231dc8f8e70
Event: 0.137 Thread 0x00000231bc0a0d90 Thread added: 0x000002322204c800
Event: 0.138 Thread 0x00000231bc0a0d90 Thread added: 0x0000023222041b10
Event: 0.138 Thread 0x000002322204c800 Thread added: 0x00000231dc950500
Event: 0.178 Thread 0x00000231bc0a0d90 Thread added: 0x00000232220656f0
Event: 0.206 Thread 0x00000231bc0a0d90 Thread added: 0x00000232220a2850
Event: 0.212 Thread 0x00000231bc0a0d90 Thread added: 0x000002322212e770


Dynamic libraries:
0x00007ff6b7610000 - 0x00007ff6b761e000 	C:\Users\rayha\.jdks\openjdk-24.0.2\bin\java.exe
0x00007ffa64d20000 - 0x00007ffa64f87000 	C:\WINDOWS\SYSTEM32\ntdll.dll
0x00007ffa63dc0000 - 0x00007ffa63e89000 	C:\WINDOWS\System32\KERNEL32.DLL
0x00007ffa621d0000 - 0x00007ffa625c0000 	C:\WINDOWS\System32\KERNELBASE.dll
0x00007ffa62960000 - 0x00007ffa62aab000 	C:\WINDOWS\System32\ucrtbase.dll
0x00007ffa534e0000 - 0x00007ffa534f6000 	C:\Users\rayha\.jdks\openjdk-24.0.2\bin\jli.dll
0x00007ffa63bf0000 - 0x00007ffa63db5000 	C:\WINDOWS\System32\USER32.dll
0x00007ffa62670000 - 0x00007ffa62697000 	C:\WINDOWS\System32\win32u.dll
0x00007ffa62cb0000 - 0x00007ffa62cdb000 	C:\WINDOWS\System32\GDI32.dll
0x00007ffa62820000 - 0x00007ffa62958000 	C:\WINDOWS\System32\gdi32full.dll
0x00007ffa61e50000 - 0x00007ffa61ef3000 	C:\WINDOWS\System32\msvcp_win.dll
0x00007ffa4aaf0000 - 0x00007ffa4ab0b000 	C:\Users\rayha\.jdks\openjdk-24.0.2\bin\VCRUNTIME140.dll
0x00007ffa48960000 - 0x00007ffa48bfa000 	C:\WINDOWS\WinSxS\amd64_microsoft.windows.common-controls_6595b64144ccf1df_6.0.26100.4768_none_3e0c112ce331287c\COMCTL32.dll
0x00007ffa649d0000 - 0x00007ffa64a79000 	C:\WINDOWS\System32\msvcrt.dll
0x00007ffa62fa0000 - 0x00007ffa62fcf000 	C:\WINDOWS\System32\IMM32.DLL
0x00007ffa3dd50000 - 0x00007ffa3deac000 	C:\Program Files (x86)\Citrix\ICA Client\ctxapclient64.dll
0x00007ffa64130000 - 0x00007ffa644b5000 	C:\WINDOWS\System32\combase.dll
0x00007ffa62e80000 - 0x00007ffa62f98000 	C:\WINDOWS\System32\RPCRT4.dll
0x00007ffa4ffc0000 - 0x00007ffa4ffcb000 	C:\WINDOWS\SYSTEM32\VERSION.dll
0x00007ffa61d40000 - 0x00007ffa61d66000 	C:\WINDOWS\SYSTEM32\bcrypt.dll
0x00007ffa63e90000 - 0x00007ffa63f44000 	C:\WINDOWS\System32\ADVAPI32.dll
0x00007ffa64000000 - 0x00007ffa640a6000 	C:\WINDOWS\System32\sechost.dll
0x00007ffa60cc0000 - 0x00007ffa60cf6000 	C:\WINDOWS\SYSTEM32\ntmarta.dll
0x00000231ba3f0000 - 0x00000231ba489000 	C:\WINDOWS\System32\bcryptprimitives.dll
0x00007ffa4aae0000 - 0x00007ffa4aaec000 	C:\Users\rayha\.jdks\openjdk-24.0.2\bin\vcruntime140_1.dll
0x00007ffa16000000 - 0x00007ffa1608e000 	C:\Users\rayha\.jdks\openjdk-24.0.2\bin\msvcp140.dll
0x00007ff9ae030000 - 0x00007ff9aedd1000 	C:\Users\rayha\.jdks\openjdk-24.0.2\bin\server\jvm.dll
0x00007ffa64a80000 - 0x00007ffa64af4000 	C:\WINDOWS\System32\WS2_32.dll
0x00007ffa61cb0000 - 0x00007ffa61d0e000 	C:\WINDOWS\SYSTEM32\POWRPROF.dll
0x00007ffa5f760000 - 0x00007ffa5f795000 	C:\WINDOWS\SYSTEM32\WINMM.dll
0x00007ffa61c90000 - 0x00007ffa61ca4000 	C:\WINDOWS\SYSTEM32\UMPDC.dll
0x00007ffa60b90000 - 0x00007ffa60bab000 	C:\WINDOWS\SYSTEM32\kernel.appcore.dll
0x00007ffa46710000 - 0x00007ffa4671a000 	C:\Users\rayha\.jdks\openjdk-24.0.2\bin\jimage.dll
0x00007ffa5f510000 - 0x00007ffa5f751000 	C:\WINDOWS\SYSTEM32\DBGHELP.DLL
0x00000231bbba0000 - 0x00000231bbc80000 	C:\WINDOWS\System32\OLEAUT32.dll
0x00007ffa3cac0000 - 0x00007ffa3cb03000 	C:\WINDOWS\SYSTEM32\dbgcore.DLL
0x00007ffa35b40000 - 0x00007ffa35b7c000 	C:\Users\rayha\.jdks\openjdk-24.0.2\bin\jdwp.dll
0x00007ffa3ce80000 - 0x00007ffa3ce8f000 	C:\Users\rayha\.jdks\openjdk-24.0.2\bin\instrument.dll
0x00007ffa3cb40000 - 0x00007ffa3cb5e000 	C:\Users\rayha\.jdks\openjdk-24.0.2\bin\java.dll
0x00007ffa62b00000 - 0x00007ffa62ca0000 	C:\WINDOWS\System32\ole32.dll
0x00007ffa63470000 - 0x00007ffa63bbd000 	C:\WINDOWS\System32\SHELL32.dll
0x00007ffa62050000 - 0x00007ffa621c3000 	C:\WINDOWS\System32\wintypes.dll
0x00007ff9db460000 - 0x00007ff9db671000 	C:\Users\rayha\AppData\Local\Temp\idea_libasyncProfiler_dll_temp_folder2\libasyncProfiler.dll
0x00007ffa3caa0000 - 0x00007ffa3cab7000 	C:\Users\rayha\.jdks\openjdk-24.0.2\bin\zip.dll
0x00007ffa5f9f0000 - 0x00007ffa60250000 	C:\WINDOWS\SYSTEM32\windows.storage.dll
0x00007ffa62d70000 - 0x00007ffa62e65000 	C:\WINDOWS\System32\SHCORE.dll
0x00007ffa64940000 - 0x00007ffa649aa000 	C:\WINDOWS\System32\shlwapi.dll
0x00007ffa61d70000 - 0x00007ffa61d99000 	C:\WINDOWS\SYSTEM32\profapi.dll
0x00007ffa15930000 - 0x00007ffa15a07000 	C:\Users\rayha\.jdks\openjdk-24.0.2\bin\jsvml.dll
0x00007ffa3c9e0000 - 0x00007ffa3c9ec000 	C:\Users\rayha\.jdks\openjdk-24.0.2\bin\dt_socket.dll
0x00007ffa605d0000 - 0x00007ffa60603000 	C:\WINDOWS\SYSTEM32\IPHLPAPI.DLL
0x00007ffa61100000 - 0x00007ffa6116b000 	C:\WINDOWS\system32\mswsock.dll
0x00007ffa3c9f0000 - 0x00007ffa3ca00000 	C:\Users\rayha\.jdks\openjdk-24.0.2\bin\net.dll
0x00007ffa3c770000 - 0x00007ffa3c786000 	C:\Users\rayha\.jdks\openjdk-24.0.2\bin\nio.dll
0x00007ffa14f50000 - 0x00007ffa14fc5000 	C:\Users\rayha\AppData\Local\Temp\lwjglrayha\3.3.1-build-7\lwjgl.dll
0x00007ff9ef320000 - 0x00007ff9ef381000 	C:\Users\rayha\AppData\Local\Temp\lwjglrayha\3.3.1-build-7\glfw.dll

JVMTI agents:
jdwp path:C:\Users\rayha\.jdks\openjdk-24.0.2\bin\jdwp.dll, loaded, initialized, options:transport=dt_socket,address=127.0.0.1:49858,suspend=y,server=n
C:\Users\rayha\AppData\Local\JetBrains\IdeaIC2025.2\captureAgent\debugger-agent.jar path:C:\Users\rayha\.jdks\openjdk-24.0.2\bin\instrument.dll, loaded, initialized, instrumentlib options:file:///C:/Users/rayha/AppData/Local/Temp/capture17606209519723481185.props
C:\Users\rayha\AppData\Local\Temp\idea_libasyncProfiler_dll_temp_folder2\libasyncProfiler.dll path:C:\Users\rayha\AppData\Local\Temp\idea_libasyncProfiler_dll_temp_folder2\libasyncProfiler.dll, loaded, initialized, options:version,jfr,event=wall,interval=10ms,cstack=no,file=C:\Users\rayha\IdeaSnapshots\ShadowDungeon_2025_09_11_032324.jfr,dbghelppath=C:\Users\rayha\AppData\Local\Temp\idea_dbghelp_dll_temp_folder\dbghelp.dll,log=C:\Users\rayha\AppData\Local\Temp\ShadowDungeon_2025_09_11_032324.jfr.log.txt,logLevel=DEBUG

dbghelp: loaded successfully - version: 4.0.5 - missing functions: none
symbol engine: initialized successfully - sym options: 0x614 - pdb path: .;C:\Users\rayha\.jdks\openjdk-24.0.2\bin;C:\WINDOWS\SYSTEM32;C:\WINDOWS\WinSxS\amd64_microsoft.windows.common-controls_6595b64144ccf1df_6.0.26100.4768_none_3e0c112ce331287c;C:\Program Files (x86)\Citrix\ICA Client;C:\Users\rayha\.jdks\openjdk-24.0.2\bin\server;C:\Users\rayha\AppData\Local\Temp\idea_libasyncProfiler_dll_temp_folder2;C:\Users\rayha\AppData\Local\Temp\lwjglrayha\3.3.1-build-7

VM Arguments:
jvm_args: -agentlib:jdwp=transport=dt_socket,address=127.0.0.1:49858,suspend=y,server=n -javaagent:C:\Users\rayha\AppData\Local\JetBrains\IdeaIC2025.2\captureAgent\debugger-agent.jar=file:///C:/Users/rayha/AppData/Local/Temp/capture17606209519723481185.props -agentpath:C:\Users\rayha\AppData\Local\Temp\idea_libasyncProfiler_dll_temp_folder2\libasyncProfiler.dll=version,jfr,event=wall,interval=10ms,cstack=no,file=C:\Users\rayha\IdeaSnapshots\ShadowDungeon_2025_09_11_032324.jfr,dbghelppath=C:\Users\rayha\AppData\Local\Temp\idea_dbghelp_dll_temp_folder\dbghelp.dll,log=C:\Users\rayha\AppData\Local\Temp\ShadowDungeon_2025_09_11_032324.jfr.log.txt,logLevel=DEBUG -Dkotlinx.coroutines.debug.enable.creation.stack.trace=false -Ddebugger.agent.enable.coroutines=true -Dkotlinx.coroutines.debug.enable.flows.stack.trace=true -Dkotlinx.coroutines.debug.enable.mutable.state.flows.stack.trace=true -Dfile.encoding=UTF-8 -Dsun.stdout.encoding=UTF-8 -Dsun.stderr.encoding=UTF-8 
java_command: ShadowDungeon
java_class_path (initial): C:\01Data-RayHan\Unimelb\SWEN20003 Java\rayhanc-project-1\target\classes;C:\Users\rayha\.m2\repository\org\lwjgl\lwjgl\3.3.1\lwjgl-3.3.1.jar;C:\Users\rayha\.m2\repository\org\lwjgl\lwjgl-assimp\3.3.1\lwjgl-assimp-3.3.1.jar;C:\Users\rayha\.m2\repository\org\lwjgl\lwjgl-glfw\3.3.1\lwjgl-glfw-3.3.1.jar;C:\Users\rayha\.m2\repository\org\lwjgl\lwjgl-openal\3.3.1\lwjgl-openal-3.3.1.jar;C:\Users\rayha\.m2\repository\org\lwjgl\lwjgl-opengl\3.3.1\lwjgl-opengl-3.3.1.jar;C:\Users\rayha\.m2\repository\org\lwjgl\lwjgl-stb\3.3.1\lwjgl-stb-3.3.1.jar;C:\Users\rayha\.m2\repository\org\lwjgl\lwjgl\3.3.1\lwjgl-3.3.1-natives-windows.jar;C:\Users\rayha\.m2\repository\org\lwjgl\lwjgl-assimp\3.3.1\lwjgl-assimp-3.3.1-natives-windows.jar;C:\Users\rayha\.m2\repository\org\lwjgl\lwjgl-glfw\3.3.1\lwjgl-glfw-3.3.1-natives-windows.jar;C:\Users\rayha\.m2\repository\org\lwjgl\lwjgl-openal\3.3.1\lwjgl-openal-3.3.1-natives-windows.jar;C:\Users\rayha\.m2\repository\org\lwjgl\lwjgl-opengl\3.3.1\lwjgl-opengl-3.3.1-natives-windows.jar;C:\Users\rayha\.m2\repository\org\lwjgl\lwjgl-stb\3.3.1\lwjgl-stb-3.3.1-natives-windows.jar;C:\Users\rayha\.m2\repository\io\github\eleanor-em\bagel\1.9.3\bagel-1.9.3.jar;C:\Program Files\JetBrains\IntelliJ IDEA Community Edition 2025.2\lib\idea_rt.jar
Launcher Type: SUN_STANDARD

[Global flags]
     intx CICompilerCount                          = 4                                         {product} {ergonomic}
     uint ConcGCThreads                            = 2                                         {product} {ergonomic}
     uint G1ConcRefinementThreads                  = 8                                         {product} {ergonomic}
   size_t G1HeapRegionSize                         = 2097152                                   {product} {ergonomic}
   size_t InitialHeapSize                          = 266338304                                 {product} {ergonomic}
   size_t MarkStackSize                            = 4194304                                   {product} {ergonomic}
   size_t MarkStackSizeMax                         = 536870912                                 {product} {ergonomic}
   size_t MaxHeapSize                              = 4240441344                                {product} {ergonomic}
   size_t MaxNewSize                               = 2543845376                                {product} {ergonomic}
   size_t MinHeapDeltaBytes                        = 2097152                                   {product} {ergonomic}
   size_t MinHeapSize                              = 8388608                                   {product} {ergonomic}
    uintx NonNMethodCodeHeapSize                   = 5832704                                {pd product} {ergonomic}
    uintx NonProfiledCodeHeapSize                  = 122945536                              {pd product} {ergonomic}
    uintx ProfiledCodeHeapSize                     = 122880000                              {pd product} {ergonomic}
    uintx ReservedCodeCacheSize                    = 251658240                              {pd product} {ergonomic}
     bool SegmentedCodeCache                       = true                                      {product} {ergonomic}
   size_t SoftMaxHeapSize                          = 4240441344                             {manageable} {ergonomic}
     bool UseCompressedOops                        = true                           {product lp64_product} {ergonomic}
     bool UseG1GC                                  = true                                      {product} {ergonomic}
     bool UseLargePagesIndividualAllocation        = false                                  {pd product} {ergonomic}

Logging:
Log output configuration:
 #0: stdout all=warning uptime,level,tags foldmultilines=false
 #1: stderr all=off uptime,level,tags foldmultilines=false

Environment Variables:
PATH=C:\Windows\system32;C:\Windows;C:\Windows\System32\Wbem;C:\Windows\System32\WindowsPowerShell\v1.0\;C:\Windows\System32\OpenSSH\;C:\Program Files (x86)\NVIDIA Corporation\PhysX\Common;C:\Program Files\NVIDIA Corporation\NVIDIA NvDLISR;C:\WINDOWS\system32;C:\WINDOWS;C:\WINDOWS\System32\Wbem;C:\WINDOWS\System32\WindowsPowerShell\v1.0\;C:\WINDOWS\System32\OpenSSH\;C:\Program Files\Git\cmd;C:\Program Files\Docker\Docker\resources\bin;C:\Program Files\nodejs\;C:\Users\rayha\.jdks\openjdk-24.0.2\bin;C:\Users\rayha\AppData\Local\Microsoft\WindowsApps;C:\Users\rayha\AppData\Local\Programs\Microsoft VS Code\bin;C:\Users\rayha\AppData\Roaming\npm;C:\Users\rayha\AppData\Local\Programs\cursor\resources\app\bin
USERNAME=rayha
OS=Windows_NT
PROCESSOR_IDENTIFIER=Intel64 Family 6 Model 142 Stepping 12, GenuineIntel
TMP=C:\Users\rayha\AppData\Local\Temp
TEMP=C:\Users\rayha\AppData\Local\Temp




Periodic native trim disabled

---------------  S Y S T E M  ---------------

OS:
 Windows 11 , 64 bit Build 26100 (10.0.26100.4768)
OS uptime: 28 days 2:16 hours
Hyper-V role detected

CPU: total 8 (initial active 8) (4 cores per cpu, 2 threads per core) family 6 model 142 stepping 12 microcode 0xde, cx8, cmov, fxsr, ht, mmx, 3dnowpref, sse, sse2, sse3, ssse3, sse4.1, sse4.2, popcnt, lzcnt, tsc, tscinvbit, avx, avx2, aes, erms, clmul, bmi1, bmi2, adx, fma, vzeroupper, clflush, clflushopt, hv, rdtscp, f16c
Processor Information for the first 8 processors :
  Max Mhz: 2304, Current Mhz: 1803, Mhz Limit: 1797

Memory: 4k page, system-wide physical 16168M (4982M free)
TotalPageFile size 24710M (AvailPageFile size 3673M)
current process WorkingSet (physical memory assigned to process): 69M, peak: 69M
current process commit charge ("private bytes"): 369M, peak: 369M

vm_info: OpenJDK 64-Bit Server VM (24.0.2+12-54) for windows-amd64 JRE (24.0.2+12-54), built on 2025-07-08T12:10:27Z with MS VC++ 17.6 (VS2022)

END.
